
Discarded input sections

 .text          0x0000000000000000        0x0 start.o
 .data          0x0000000000000000        0x0 start.o
 .bss           0x0000000000000000        0x0 start.o
 .data          0x0000000000000000        0x0 main.o
 .bss           0x0000000000000000        0x0 main.o
 .text          0x0000000000000000        0x0 ../../ps2emu/src/libc.o
 .data          0x0000000000000000        0x0 ../../ps2emu/src/libc.o
 .bss           0x0000000000000000        0x0 ../../ps2emu/src/libc.o
 .ps2emu_snprintf.text
                0x0000000000000000        0x0 ../../ps2emu/src/libc.o
 .ps2emu_strcpy.text
                0x0000000000000000        0x0 ../../ps2emu/src/libc.o
 .ps2emu_strlen.text
                0x0000000000000000        0x0 ../../ps2emu/src/libc.o
 .ps2emu_strcat.text
                0x0000000000000000        0x0 ../../ps2emu/src/libc.o
 .ps2emu_memcpy.text
                0x0000000000000000        0x0 ../../ps2emu/src/libc.o
 .snprintf.text
                0x0000000000000000        0x0 ../../ps2emu/src/libc.o
 .strcpy.text   0x0000000000000000        0x0 ../../ps2emu/src/libc.o
 .strcat.text   0x0000000000000000        0x0 ../../ps2emu/src/libc.o
 .memcpy.text   0x0000000000000000        0x0 ../../ps2emu/src/libc.o
 .memset.text   0x0000000000000000        0x0 ../../ps2emu/src/libc.o
 .text          0x0000000000000000        0x0 ../../ps2emu/src/libc_c.o
 .data          0x0000000000000000        0x0 ../../ps2emu/src/libc_c.o
 .bss           0x0000000000000000        0x0 ../../ps2emu/src/libc_c.o
 .toc           0x0000000000000000        0x0 ../../ps2emu/src/libc_c.o
 .text.strcmp   0x0000000000000000        0x0 ../../ps2emu/src/libc_c.o
 .text          0x0000000000000000        0x0 ../../ps2emu/src/memory.o
 .data          0x0000000000000000        0x0 ../../ps2emu/src/memory.o
 .bss           0x0000000000000000        0x0 ../../ps2emu/src/memory.o
 .text          0x0000000000000000        0x0 ../../ps2emu/src/io.o
 .data          0x0000000000000000        0x0 ../../ps2emu/src/io.o
 .bss           0x0000000000000000        0x0 ../../ps2emu/src/io.o
 .ufs_write.text
                0x0000000000000000        0x0 ../../ps2emu/src/io.o
 .text          0x0000000000000000        0x0 ../../ps2emu/src/patch.o
 .data          0x0000000000000000        0x0 ../../ps2emu/src/patch.o
 .bss           0x0000000000000000        0x0 ../../ps2emu/src/patch.o

Memory Configuration

Name             Origin             Length             Attributes
*default*        0x0000000000000000 0xffffffffffffffff

Linker script and memory map

LOAD start.o
LOAD main.o
LOAD ../../ps2emu/src/libc.o
LOAD ../../ps2emu/src/libc_c.o
LOAD ../../ps2emu/src/memory.o
LOAD ../../ps2emu/src/io.o
LOAD ../../ps2emu/src/patch.o
                0x000000000028f880                __base = 0x28f880
                0x000000000028f880                . = __base
                0x000000000028f880                __self_start = .

.start          0x000000000028f880       0x10
 *(.start)
 .start         0x000000000028f880       0x10 start.o
                0x000000000028f880                _start
                0x000000000028f8a0                . = ALIGN (0x20)

.text           0x000000000028f8a0      0x7fc
 *(.text)
 .text          0x000000000028f8a0      0x18c main.o
 *(.text.*)
 .text._cdvd_read_patched
                0x000000000028fa2c      0x158 main.o
 .text._read_iso_size
                0x000000000028fb84       0x74 main.o
 .text._fstat_iso_patched
                0x000000000028fbf8       0xc4 main.o
 .text._open_iso
                0x000000000028fcbc      0x228 main.o
 .text.strncmp  0x000000000028fee4       0x7c ../../ps2emu/src/libc_c.o
 .text.memcmp   0x000000000028ff60       0x54 ../../ps2emu/src/libc_c.o
 .text.strchr   0x000000000028ffb4       0x38 ../../ps2emu/src/libc_c.o
 .text.strstr   0x000000000028ffec       0xb0 ../../ps2emu/src/libc_c.o

.sfpr           0x000000000029009c        0x0
 .sfpr          0x0000000000000000        0x0 linker stubs

.glink          0x00000000002900a0        0x0 load address 0x000000000029009c
 .glink         0x0000000000000000        0x0 linker stubs

.ps2emu_memset.text
                0x000000000029009c       0x10
 .ps2emu_memset.text
                0x000000000029009c       0x10 ../../ps2emu/src/libc.o
                0x000000000029009c                ps2emu_memset

.strlen.text    0x00000000002900ac       0x40
 .strlen.text   0x00000000002900ac       0x40 ../../ps2emu/src/libc.o
                0x00000000002900ac                strlen

.ufs_open.text  0x00000000002900ec       0x10
 .ufs_open.text
                0x00000000002900ec       0x10 ../../ps2emu/src/io.o
                0x00000000002900ec                ufs_open

.ufs_close.text
                0x00000000002900fc       0x10
 .ufs_close.text
                0x00000000002900fc       0x10 ../../ps2emu/src/io.o
                0x00000000002900fc                ufs_close

.ufs_read.text  0x000000000029010c       0x10
 .ufs_read.text
                0x000000000029010c       0x10 ../../ps2emu/src/io.o
                0x000000000029010c                ufs_read

.ufs_fstat.text
                0x000000000029011c       0x10
 .ufs_fstat.text
                0x000000000029011c       0x10 ../../ps2emu/src/io.o
                0x000000000029011c                ufs_fstat
                0x0000000000290140                . = ALIGN (0x20)

.rodata         0x0000000000290140       0x30
 *(.rodata)
 *(.rodata.*)
 .rodata.str1.8
                0x0000000000290140       0x30 main.o
                                         0x2b (size before relaxing)

.rela.dyn       0x0000000000290170        0x0
 .rela.text     0x0000000000000000        0x0 linker stubs
 .rela.toc      0x0000000000000000        0x0 linker stubs
                0x0000000000000000                . = ALIGN (0x20)
                0x0000000000000000                __reloc_start = .

.data           0x0000000000290180        0x8
 *(.data)
 *(.data.*)
 .data.vars     0x0000000000290180        0x8 main.o
                0x0000000000290180                vars
 *(.sdata)
 *(.sdata.*)

.branch_lt      0x0000000000290188        0x0
 .branch_lt     0x0000000000290188        0x0 linker stubs
                0x00000000002901a0                . = ALIGN (0x20)

.bss            0x00000000002901a0        0x4
 *(.sbss)
 *(.sbss.*)
 *(COMMON)
 *(.bss)
 *(.bss.*)
                0x00000000002901a0        0x4 LONG 0x0
                0x00000000002901c0                . = ALIGN (0x20)
                0x00000000002901c0                __toc_start = .
                0x00000000002981c0                __toc = (. + 0x8000)

.toc            0x00000000002901c0       0x48
 *(.toc)
 .toc           0x00000000002901c0       0x48 main.o
 *(.toc.*)
                0x0000000000290208                __toc_end = .
                0x0000000000290208                __opd_start = .

.opd            0x0000000000290208      0x100
 *(.opd)
 .opd           0x0000000000290208       0xa0 main.o
                0x0000000000290290                _open_iso
                0x0000000000290218                fstat_iso_patched
                0x0000000000290278                _fstat_iso_patched
                0x0000000000290208                open_iso
                0x0000000000290228                read_iso_size
                0x0000000000290238                cdvd_read_patched
                0x0000000000290260                _read_iso_size
                0x0000000000290248                _cdvd_read_patched
 .opd           0x00000000002902a8       0x60 ../../ps2emu/src/libc_c.o
                0x00000000002902f0                strstr
                0x00000000002902a8                strncmp
                0x00000000002902c0                memcmp
                0x00000000002902d8                strchr
 *(.opd.*)
                0x0000000000290308                __opd_end = .
                0x0000000000290308                __reloc_end = .
                0x0000000000290308                __self_end = .
OUTPUT(ps2netemu_stage2.elf elf64-powerpc)

.comment        0x0000000000000000       0x24
 .comment       0x0000000000000000       0x12 main.o
 .comment       0x0000000000000012       0x12 ../../ps2emu/src/libc_c.o
