
Discarded input sections

 .text          0x0000000000000000        0x0 start.o
 .data          0x0000000000000000        0x0 start.o
 .bss           0x0000000000000000        0x0 start.o
 .text          0x0000000000000000        0x0 crt0.o
 .data          0x0000000000000000        0x0 crt0.o
 .bss           0x0000000000000000        0x0 crt0.o
 .data          0x0000000000000000        0x0 main.o
 .bss           0x0000000000000000        0x0 main.o
 .text          0x0000000000000000        0x0 ../../ps2emu/src/libc.o
 .data          0x0000000000000000        0x0 ../../ps2emu/src/libc.o
 .bss           0x0000000000000000        0x0 ../../ps2emu/src/libc.o
 .ps2emu_snprintf.text
                0x0000000000000000        0x0 ../../ps2emu/src/libc.o
 .ps2emu_strcpy.text
                0x0000000000000000        0x0 ../../ps2emu/src/libc.o
 .ps2emu_strlen.text
                0x0000000000000000        0x0 ../../ps2emu/src/libc.o
 .ps2emu_strcat.text
                0x0000000000000000        0x0 ../../ps2emu/src/libc.o
 .snprintf.text
                0x0000000000000000        0x0 ../../ps2emu/src/libc.o
 .strcpy.text   0x0000000000000000        0x0 ../../ps2emu/src/libc.o
 .strlen.text   0x0000000000000000        0x0 ../../ps2emu/src/libc.o
 .strcat.text   0x0000000000000000        0x0 ../../ps2emu/src/libc.o
 .memcpy.text   0x0000000000000000        0x0 ../../ps2emu/src/libc.o
 .memset.text   0x0000000000000000        0x0 ../../ps2emu/src/libc.o
 .text          0x0000000000000000        0x0 ../../ps2emu/src/libc_c.o
 .data          0x0000000000000000        0x0 ../../ps2emu/src/libc_c.o
 .bss           0x0000000000000000        0x0 ../../ps2emu/src/libc_c.o
 .toc           0x0000000000000000        0x0 ../../ps2emu/src/libc_c.o
 .text.strcmp   0x0000000000000000        0x0 ../../ps2emu/src/libc_c.o
 .text.strncmp  0x0000000000000000        0x0 ../../ps2emu/src/libc_c.o
 .text.strchr   0x0000000000000000        0x0 ../../ps2emu/src/libc_c.o
 .text.strstr   0x0000000000000000        0x0 ../../ps2emu/src/libc_c.o
 .text          0x0000000000000000        0x0 ../../ps2emu/src/memory.o
 .data          0x0000000000000000        0x0 ../../ps2emu/src/memory.o
 .bss           0x0000000000000000        0x0 ../../ps2emu/src/memory.o
 .ps2emu_free.text
                0x0000000000000000        0x0 ../../ps2emu/src/memory.o
 .zeroalloc.text
                0x0000000000000000        0x0 ../../ps2emu/src/memory.o
 .text          0x0000000000000000        0x0 ../../ps2emu/src/io.o
 .data          0x0000000000000000        0x0 ../../ps2emu/src/io.o
 .bss           0x0000000000000000        0x0 ../../ps2emu/src/io.o
 .ufs_write.text
                0x0000000000000000        0x0 ../../ps2emu/src/io.o
 .ufs_fstat.text
                0x0000000000000000        0x0 ../../ps2emu/src/io.o
 .text          0x0000000000000000        0x0 ../../ps2emu/src/vuart.o
 .data          0x0000000000000000        0x0 ../../ps2emu/src/vuart.o
 .bss           0x0000000000000000        0x0 ../../ps2emu/src/vuart.o
 .vuart_read.text
                0x0000000000000000        0x0 ../../ps2emu/src/vuart.o
 .vuart_write.text
                0x0000000000000000        0x0 ../../ps2emu/src/vuart.o
 .data          0x0000000000000000        0x0 ../../ps2emu/src/patch.o
 .bss           0x0000000000000000        0x0 ../../ps2emu/src/patch.o

Memory Configuration

Name             Origin             Length             Attributes
*default*        0x0000000000000000 0xffffffffffffffff

Linker script and memory map

LOAD start.o
LOAD crt0.o
LOAD main.o
LOAD ../../ps2emu/src/libc.o
LOAD ../../ps2emu/src/libc_c.o
LOAD ../../ps2emu/src/memory.o
LOAD ../../ps2emu/src/io.o
LOAD ../../ps2emu/src/vuart.o
LOAD ../../ps2emu/src/patch.o
                0x0badcafe00000008                __base = 0xbadcafe00000008
                0x0badcafe00000008                . = __base
                0x0badcafe00000008                __self_start = .

.start          0x0badcafe00000008       0xb4
 *(.start)
 .start         0x0badcafe00000008       0xb4 start.o
                0x0badcafe00000008                _start
                0x0badcafe000000c0                . = ALIGN (0x20)

.text           0x0badcafe000000c0     0x2270
 *(.text)
 .text          0x0badcafe000000c0      0x18c main.o
 .text          0x0badcafe0000024c       0xe0 ../../ps2emu/src/patch.o
                0x0badcafe0000024c                clear_icache
                0x0badcafe000002d4                call_hooked_function
                0x0badcafe000002b4                get_patched_func_call_address
                0x0badcafe00000278                get_call_address
 *(.text.*)
 .text.crt0     0x0badcafe0000032c       0xe8 crt0.o
 .text._emu_cdvd_send_device_command
                0x0badcafe00000414       0x40 main.o
 .text.main     0x0badcafe00000454      0x810 main.o
 .text._optical_cdvd_send_atapi_command
                0x0badcafe00000c64      0x3bc main.o
 .text._emu_cdvd_send_atapi_command
                0x0badcafe00001020     0x12bc main.o
 .text.memcmp   0x0badcafe000022dc       0x54 ../../ps2emu/src/libc_c.o

.sfpr           0x0badcafe00002330        0x0
 .sfpr          0x0000000000000000        0x0 linker stubs

.glink          0x0badcafe00002330        0x0
 .glink         0x0000000000000000        0x0 linker stubs

.ps2emu_memcpy.text
                0x0badcafe00002330       0x10
 .ps2emu_memcpy.text
                0x0badcafe00002330       0x10 ../../ps2emu/src/libc.o
                0x0badcafe00002330                ps2emu_memcpy

.ps2emu_memset.text
                0x0badcafe00002340       0x10
 .ps2emu_memset.text
                0x0badcafe00002340       0x10 ../../ps2emu/src/libc.o
                0x0badcafe00002340                ps2emu_memset

.ps2emu_malloc.text
                0x0badcafe00002350       0x10
 .ps2emu_malloc.text
                0x0badcafe00002350       0x10 ../../ps2emu/src/memory.o
                0x0badcafe00002350                ps2emu_malloc

.ufs_open.text  0x0badcafe00002360       0x10
 .ufs_open.text
                0x0badcafe00002360       0x10 ../../ps2emu/src/io.o
                0x0badcafe00002360                ufs_open

.ufs_close.text
                0x0badcafe00002370       0x10
 .ufs_close.text
                0x0badcafe00002370       0x10 ../../ps2emu/src/io.o
                0x0badcafe00002370                ufs_close

.ufs_read.text  0x0badcafe00002380       0x10
 .ufs_read.text
                0x0badcafe00002380       0x10 ../../ps2emu/src/io.o
                0x0badcafe00002380                ufs_read

.rodata         0x0badcafe00002390       0x28
 *(.rodata)
 *(.rodata.*)
 .rodata.str1.8
                0x0badcafe00002390       0x28 main.o
                                         0x26 (size before relaxing)
                0x0badcafe000023b8                __reloc_start = .

.rela.dyn       0x0badcafe000023b8        0x0
 .rela.start    0x0000000000000000        0x0 linker stubs
 .rela.toc      0x0000000000000000        0x0 linker stubs
 .rela.text     0x0000000000000000        0x0 linker stubs

.data           0x0badcafe000023b8      0x479
 *(.data)
 *(.data.*)
 .data.restore  0x0badcafe000023b8      0x450 crt0.o
                0x0badcafe000023b8                restore
 .data.iso_fd   0x0badcafe00002808        0x4 main.o
 *fill*         0x0badcafe0000280c        0x4 00
 .data.rel.ro.local.patches
                0x0badcafe00002810       0x20 main.o
 .data.condition_true
                0x0badcafe00002830        0x1 main.o
 *(.sdata)
 *(.sdata.*)

.branch_lt      0x0badcafe00002838        0x0
 .branch_lt     0x0badcafe00002838        0x0 linker stubs

.bss            0x0badcafe00002838       0x4c
 *(.sbss)
 *(.sbss.*)
 *(COMMON)
 *(.bss)
 *(.bss.*)
 .bss.condition_optical
                0x0badcafe00002838        0x1 main.o
 .bss.condition_iso
                0x0badcafe00002839        0x1 main.o
 *fill*         0x0badcafe0000283a        0x6 00
 .bss.iso_size  0x0badcafe00002840        0x8 main.o
 .bss.iso_size_sectors
                0x0badcafe00002848        0x4 main.o
 .bss.is_dual_layer
                0x0badcafe0000284c        0x4 main.o
 .bss.layer0_size
                0x0badcafe00002850        0x4 main.o
 .bss.device_type
                0x0badcafe00002854        0x2 main.o
 *fill*         0x0badcafe00002856        0x2 00
 .bss.total_emulation
                0x0badcafe00002858        0x4 main.o
 *fill*         0x0badcafe0000285c        0x4 00
 .bss.tracks    0x0badcafe00002860        0x8 main.o
 .bss.num_tracks
                0x0badcafe00002868        0x1 main.o
 *fill*         0x0badcafe00002869        0x7 00
 .bss.orig_send_atapi_command
                0x0badcafe00002870       0x10 main.o
                0x0badcafe00002880        0x4 LONG 0x0
                0x0badcafe000028a0                . = ALIGN (0x20)
                0x0badcafe000028a0                __toc_start = .
                0x0badcafe0000a8a0                __toc = (. + 0x8000)

.toc            0x0badcafe000028a0       0xe0
 *(.toc)
 .toc           0x0badcafe000028a0       0x10 crt0.o
 .toc           0x0badcafe000028b0       0xd0 main.o
 *(.toc.*)
                0x0badcafe00002980                __toc_end = .
                0x0badcafe00002980                __opd_start = .

.opd            0x0badcafe00002980       0xc0
 *(.opd)
 .opd           0x0badcafe00002980       0x18 crt0.o
                0x0badcafe00002980                crt0
 .opd           0x0badcafe00002998       0x90 main.o
                0x0badcafe00002a10                _emu_cdvd_send_atapi_command
                0x0badcafe000029a8                emu_cdvd_send_device_command
                0x0badcafe000029c8                _emu_cdvd_send_device_command
                0x0badcafe00002998                emu_cdvd_send_atapi_command
                0x0badcafe000029f8                _optical_cdvd_send_atapi_command
                0x0badcafe000029b8                optical_cdvd_send_atapi_command
                0x0badcafe000029e0                main
 .opd           0x0badcafe00002a28       0x18 ../../ps2emu/src/libc_c.o
                0x0badcafe00002a28                memcmp
 *(.opd.*)
                0x0badcafe00002a40                __opd_end = .
                0x0badcafe00002a40                __reloc_end = .
                0x0badcafe00002a40                __self_end = .
OUTPUT(ps2gxemu_stage2.elf elf64-powerpc)

.comment        0x0000000000000000       0x36
 .comment       0x0000000000000000       0x12 crt0.o
 .comment       0x0000000000000012       0x12 main.o
 .comment       0x0000000000000024       0x12 ../../ps2emu/src/libc_c.o
