
Discarded input sections

 .text          0x0000000000000000        0x0 start.o
 .data          0x0000000000000000        0x0 start.o
 .bss           0x0000000000000000        0x0 start.o
 .data          0x0000000000000000        0x0 main.o
 .bss           0x0000000000000000        0x0 main.o
 .text          0x0000000000000000        0x0 ../../ps2emu/src/libc.o
 .data          0x0000000000000000        0x0 ../../ps2emu/src/libc.o
 .bss           0x0000000000000000        0x0 ../../ps2emu/src/libc.o
 .ps2emu_snprintf.text
                0x0000000000000000        0x0 ../../ps2emu/src/libc.o
 .ps2emu_strcpy.text
                0x0000000000000000        0x0 ../../ps2emu/src/libc.o
 .ps2emu_strlen.text
                0x0000000000000000        0x0 ../../ps2emu/src/libc.o
 .ps2emu_strcat.text
                0x0000000000000000        0x0 ../../ps2emu/src/libc.o
 .ps2emu_memcpy.text
                0x0000000000000000        0x0 ../../ps2emu/src/libc.o
 .snprintf.text
                0x0000000000000000        0x0 ../../ps2emu/src/libc.o
 .strcpy.text   0x0000000000000000        0x0 ../../ps2emu/src/libc.o
 .strcat.text   0x0000000000000000        0x0 ../../ps2emu/src/libc.o
 .memcpy.text   0x0000000000000000        0x0 ../../ps2emu/src/libc.o
 .memset.text   0x0000000000000000        0x0 ../../ps2emu/src/libc.o
 .text          0x0000000000000000        0x0 ../../ps2emu/src/libc_c.o
 .data          0x0000000000000000        0x0 ../../ps2emu/src/libc_c.o
 .bss           0x0000000000000000        0x0 ../../ps2emu/src/libc_c.o
 .toc           0x0000000000000000        0x0 ../../ps2emu/src/libc_c.o
 .text.strcmp   0x0000000000000000        0x0 ../../ps2emu/src/libc_c.o
 .text.memcmp   0x0000000000000000        0x0 ../../ps2emu/src/libc_c.o
 .text          0x0000000000000000        0x0 ../../ps2emu/src/memory.o
 .data          0x0000000000000000        0x0 ../../ps2emu/src/memory.o
 .bss           0x0000000000000000        0x0 ../../ps2emu/src/memory.o
 .text          0x0000000000000000        0x0 ../../ps2emu/src/io.o
 .data          0x0000000000000000        0x0 ../../ps2emu/src/io.o
 .bss           0x0000000000000000        0x0 ../../ps2emu/src/io.o
 .ufs_write.text
                0x0000000000000000        0x0 ../../ps2emu/src/io.o
 .text          0x0000000000000000        0x0 ../../ps2emu/src/patch.o
 .data          0x0000000000000000        0x0 ../../ps2emu/src/patch.o
 .bss           0x0000000000000000        0x0 ../../ps2emu/src/patch.o

Memory Configuration

Name             Origin             Length             Attributes
*default*        0x0000000000000000 0xffffffffffffffff

Linker script and memory map

LOAD start.o
LOAD main.o
LOAD ../../ps2emu/src/libc.o
LOAD ../../ps2emu/src/libc_c.o
LOAD ../../ps2emu/src/memory.o
LOAD ../../ps2emu/src/io.o
LOAD ../../ps2emu/src/patch.o
                0x000000000028f880                __base = 0x28f880
                0x000000000028f880                . = __base
                0x000000000028f880                __self_start = .

.start          0x000000000028f880       0x10
 *(.start)
 .start         0x000000000028f880       0x10 start.o
                0x000000000028f880                _start
                0x000000000028f8a0                . = ALIGN (0x20)

.text           0x000000000028f8a0      0x7cc
 *(.text)
 .text          0x000000000028f8a0      0x18c main.o
 *(.text.*)
 .text._cdvd_read_patched
                0x000000000028fa2c      0x158 main.o
 .text._read_iso_size
                0x000000000028fb84       0x74 main.o
 .text._fstat_iso_patched
                0x000000000028fbf8       0xc4 main.o
 .text._open_iso
                0x000000000028fcbc      0x24c main.o
 .text.strncmp  0x000000000028ff08       0x7c ../../ps2emu/src/libc_c.o
 .text.strchr   0x000000000028ff84       0x38 ../../ps2emu/src/libc_c.o
 .text.strstr   0x000000000028ffbc       0xb0 ../../ps2emu/src/libc_c.o

.sfpr           0x000000000029006c        0x0
 .sfpr          0x0000000000000000        0x0 linker stubs

.glink          0x0000000000290070        0x0 load address 0x000000000029006c
 .glink         0x0000000000000000        0x0 linker stubs

.ps2emu_memset.text
                0x000000000029006c       0x10
 .ps2emu_memset.text
                0x000000000029006c       0x10 ../../ps2emu/src/libc.o
                0x000000000029006c                ps2emu_memset

.strlen.text    0x000000000029007c       0x40
 .strlen.text   0x000000000029007c       0x40 ../../ps2emu/src/libc.o
                0x000000000029007c                strlen

.ufs_open.text  0x00000000002900bc       0x10
 .ufs_open.text
                0x00000000002900bc       0x10 ../../ps2emu/src/io.o
                0x00000000002900bc                ufs_open

.ufs_close.text
                0x00000000002900cc       0x10
 .ufs_close.text
                0x00000000002900cc       0x10 ../../ps2emu/src/io.o
                0x00000000002900cc                ufs_close

.ufs_read.text  0x00000000002900dc       0x10
 .ufs_read.text
                0x00000000002900dc       0x10 ../../ps2emu/src/io.o
                0x00000000002900dc                ufs_read

.ufs_fstat.text
                0x00000000002900ec       0x10
 .ufs_fstat.text
                0x00000000002900ec       0x10 ../../ps2emu/src/io.o
                0x00000000002900ec                ufs_fstat
                0x0000000000290100                . = ALIGN (0x20)

.rodata         0x0000000000290100       0x28
 *(.rodata)
 *(.rodata.*)
 .rodata.str1.8
                0x0000000000290100       0x28 main.o
                                         0x22 (size before relaxing)

.rela.dyn       0x0000000000290128        0x0
 .rela.text     0x0000000000000000        0x0 linker stubs
 .rela.toc      0x0000000000000000        0x0 linker stubs
                0x0000000000000000                . = ALIGN (0x20)
                0x0000000000000000                __reloc_start = .

.data           0x0000000000290140        0x8
 *(.data)
 *(.data.*)
 .data.vars     0x0000000000290140        0x8 main.o
                0x0000000000290140                vars
 *(.sdata)
 *(.sdata.*)

.branch_lt      0x0000000000290148        0x0
 .branch_lt     0x0000000000290148        0x0 linker stubs
                0x0000000000290160                . = ALIGN (0x20)

.bss            0x0000000000290160        0x4
 *(.sbss)
 *(.sbss.*)
 *(COMMON)
 *(.bss)
 *(.bss.*)
                0x0000000000290160        0x4 LONG 0x0
                0x0000000000290180                . = ALIGN (0x20)
                0x0000000000290180                __toc_start = .
                0x0000000000298180                __toc = (. + 0x8000)

.toc            0x0000000000290180       0x48
 *(.toc)
 .toc           0x0000000000290180       0x48 main.o
 *(.toc.*)
                0x00000000002901c8                __toc_end = .
                0x00000000002901c8                __opd_start = .

.opd            0x00000000002901c8       0xe8
 *(.opd)
 .opd           0x00000000002901c8       0xa0 main.o
                0x0000000000290250                _open_iso
                0x00000000002901d8                fstat_iso_patched
                0x0000000000290238                _fstat_iso_patched
                0x00000000002901c8                open_iso
                0x00000000002901e8                read_iso_size
                0x00000000002901f8                cdvd_read_patched
                0x0000000000290220                _read_iso_size
                0x0000000000290208                _cdvd_read_patched
 .opd           0x0000000000290268       0x48 ../../ps2emu/src/libc_c.o
                0x0000000000290298                strstr
                0x0000000000290268                strncmp
                0x0000000000290280                strchr
 *(.opd.*)
                0x00000000002902b0                __opd_end = .
                0x00000000002902b0                __reloc_end = .
                0x00000000002902b0                __self_end = .
OUTPUT(ps2netemu_stage2.elf elf64-powerpc)

.comment        0x0000000000000000       0x24
 .comment       0x0000000000000000       0x12 main.o
 .comment       0x0000000000000012       0x12 ../../ps2emu/src/libc_c.o
