
Discarded input sections

 .text          0x0000000000000000        0x0 start.o
 .data          0x0000000000000000        0x0 start.o
 .bss           0x0000000000000000        0x0 start.o
 .text          0x0000000000000000        0x0 crt0.o
 .data          0x0000000000000000        0x0 crt0.o
 .bss           0x0000000000000000        0x0 crt0.o
 .data          0x0000000000000000        0x0 main.o
 .bss           0x0000000000000000        0x0 main.o
 .text          0x0000000000000000        0x0 ../../ps2emu/src/libc.o
 .data          0x0000000000000000        0x0 ../../ps2emu/src/libc.o
 .bss           0x0000000000000000        0x0 ../../ps2emu/src/libc.o
 .ps2emu_strcpy.text
                0x0000000000000000        0x0 ../../ps2emu/src/libc.o
 .ps2emu_strlen.text
                0x0000000000000000        0x0 ../../ps2emu/src/libc.o
 .ps2emu_strcat.text
                0x0000000000000000        0x0 ../../ps2emu/src/libc.o
 .strcpy.text   0x0000000000000000        0x0 ../../ps2emu/src/libc.o
 .strlen.text   0x0000000000000000        0x0 ../../ps2emu/src/libc.o
 .strcat.text   0x0000000000000000        0x0 ../../ps2emu/src/libc.o
 .memcpy.text   0x0000000000000000        0x0 ../../ps2emu/src/libc.o
 .memset.text   0x0000000000000000        0x0 ../../ps2emu/src/libc.o
 .text          0x0000000000000000        0x0 ../../ps2emu/src/libc_c.o
 .data          0x0000000000000000        0x0 ../../ps2emu/src/libc_c.o
 .bss           0x0000000000000000        0x0 ../../ps2emu/src/libc_c.o
 .toc           0x0000000000000000        0x0 ../../ps2emu/src/libc_c.o
 .text.strcmp   0x0000000000000000        0x0 ../../ps2emu/src/libc_c.o
 .text.strncmp  0x0000000000000000        0x0 ../../ps2emu/src/libc_c.o
 .text.strchr   0x0000000000000000        0x0 ../../ps2emu/src/libc_c.o
 .text.strstr   0x0000000000000000        0x0 ../../ps2emu/src/libc_c.o
 .text          0x0000000000000000        0x0 ../../ps2emu/src/memory.o
 .data          0x0000000000000000        0x0 ../../ps2emu/src/memory.o
 .bss           0x0000000000000000        0x0 ../../ps2emu/src/memory.o
 .zeroalloc.text
                0x0000000000000000        0x0 ../../ps2emu/src/memory.o
 .text          0x0000000000000000        0x0 ../../ps2emu/src/io.o
 .data          0x0000000000000000        0x0 ../../ps2emu/src/io.o
 .bss           0x0000000000000000        0x0 ../../ps2emu/src/io.o
 .ufs_write.text
                0x0000000000000000        0x0 ../../ps2emu/src/io.o
 .ufs_fstat.text
                0x0000000000000000        0x0 ../../ps2emu/src/io.o
 .data          0x0000000000000000        0x0 ../../ps2emu/src/patch.o
 .bss           0x0000000000000000        0x0 ../../ps2emu/src/patch.o

Memory Configuration

Name             Origin             Length             Attributes
*default*        0x0000000000000000 0xffffffffffffffff

Linker script and memory map

LOAD start.o
LOAD crt0.o
LOAD main.o
LOAD ../../ps2emu/src/libc.o
LOAD ../../ps2emu/src/libc_c.o
LOAD ../../ps2emu/src/memory.o
LOAD ../../ps2emu/src/io.o
LOAD ../../ps2emu/src/patch.o
                0x0badcafe00000000                __base = 0xbadcafe00000000
                0x0badcafe00000000                . = __base
                0x0badcafe00000000                __self_start = .

.start          0x0badcafe00000000       0xb4
 *(.start)
 .start         0x0badcafe00000000       0xb4 start.o
                0x0badcafe00000000                _start
                0x0badcafe000000c0                . = ALIGN (0x20)

.text           0x0badcafe000000c0     0x22f0
 *(.text)
 .text          0x0badcafe000000c0      0x12c main.o
 .text          0x0badcafe000001ec       0xe0 ../../ps2emu/src/patch.o
                0x0badcafe000001ec                clear_icache
                0x0badcafe00000274                call_hooked_function
                0x0badcafe00000254                get_patched_func_call_address
                0x0badcafe00000218                get_call_address
 *(.text.*)
 .text.crt0     0x0badcafe000002cc       0xe8 crt0.o
 .text.main     0x0badcafe000003b4      0x89c main.o
 .text._optical_cdvd_send_atapi_command
                0x0badcafe00000c50      0x430 main.o
 .text._emu_cdvd_send_atapi_command
                0x0badcafe00001080     0x12dc main.o
 .text.memcmp   0x0badcafe0000235c       0x54 ../../ps2emu/src/libc_c.o

.sfpr           0x0badcafe000023b0        0x0
 .sfpr          0x0000000000000000        0x0 linker stubs

.glink          0x0badcafe000023b0        0x0
 .glink         0x0000000000000000        0x0 linker stubs

.ps2emu_memcpy.text
                0x0badcafe000023b0       0x10
 .ps2emu_memcpy.text
                0x0badcafe000023b0       0x10 ../../ps2emu/src/libc.o
                0x0badcafe000023b0                ps2emu_memcpy

.ps2emu_memset.text
                0x0badcafe000023c0       0x10
 .ps2emu_memset.text
                0x0badcafe000023c0       0x10 ../../ps2emu/src/libc.o
                0x0badcafe000023c0                ps2emu_memset

.ps2emu_malloc.text
                0x0badcafe000023d0       0x10
 .ps2emu_malloc.text
                0x0badcafe000023d0       0x10 ../../ps2emu/src/memory.o
                0x0badcafe000023d0                ps2emu_malloc

.ps2emu_free.text
                0x0badcafe000023e0       0x10
 .ps2emu_free.text
                0x0badcafe000023e0       0x10 ../../ps2emu/src/memory.o
                0x0badcafe000023e0                ps2emu_free

.ufs_open.text  0x0badcafe000023f0       0x10
 .ufs_open.text
                0x0badcafe000023f0       0x10 ../../ps2emu/src/io.o
                0x0badcafe000023f0                ufs_open

.ufs_close.text
                0x0badcafe00002400       0x10
 .ufs_close.text
                0x0badcafe00002400       0x10 ../../ps2emu/src/io.o
                0x0badcafe00002400                ufs_close

.ufs_read.text  0x0badcafe00002410       0x10
 .ufs_read.text
                0x0badcafe00002410       0x10 ../../ps2emu/src/io.o
                0x0badcafe00002410                ufs_read

.rodata         0x0badcafe00002420       0x28
 *(.rodata)
 *(.rodata.*)
 .rodata.str1.8
                0x0badcafe00002420       0x28 main.o
                                         0x26 (size before relaxing)
                0x0badcafe00002448                __reloc_start = .

.rela.dyn       0x0badcafe00002448        0x0
 .rela.start    0x0000000000000000        0x0 linker stubs
 .rela.toc      0x0000000000000000        0x0 linker stubs
 .rela.text     0x0000000000000000        0x0 linker stubs

.data           0x0badcafe00002448      0x421
 *(.data)
 *(.data.*)
 .data.restore  0x0badcafe00002448      0x3e8 crt0.o
                0x0badcafe00002448                restore
 .data.iso_fd   0x0badcafe00002830        0x4 main.o
 *fill*         0x0badcafe00002834        0x4 00
 .data.rel.ro.local.patches
                0x0badcafe00002838       0x30 main.o
 .data.condition_true
                0x0badcafe00002868        0x1 main.o
 *(.sdata)
 *(.sdata.*)

.branch_lt      0x0badcafe00002870        0x0
 .branch_lt     0x0badcafe00002870        0x0 linker stubs

.bss            0x0badcafe00002870       0x54
 *(.sbss)
 *(.sbss.*)
 *(COMMON)
 *(.bss)
 *(.bss.*)
 .bss.condition_optical
                0x0badcafe00002870        0x1 main.o
 .bss.condition_iso
                0x0badcafe00002871        0x1 main.o
 .bss.condition_ps2_cdda
                0x0badcafe00002872        0x1 main.o
 *fill*         0x0badcafe00002873        0x5 00
 .bss.iso_size  0x0badcafe00002878        0x8 main.o
 .bss.iso_size_sectors
                0x0badcafe00002880        0x4 main.o
 .bss.is_dual_layer
                0x0badcafe00002884        0x4 main.o
 .bss.layer0_size
                0x0badcafe00002888        0x4 main.o
 .bss.device_type
                0x0badcafe0000288c        0x2 main.o
 *fill*         0x0badcafe0000288e        0x2 00
 .bss.total_emulation
                0x0badcafe00002890        0x4 main.o
 *fill*         0x0badcafe00002894        0x4 00
 .bss.tracks    0x0badcafe00002898        0x8 main.o
 .bss.num_tracks
                0x0badcafe000028a0        0x1 main.o
 *fill*         0x0badcafe000028a1        0x7 00
 .bss.temp_buf  0x0badcafe000028a8        0x8 main.o
 .bss.orig_send_atapi_command
                0x0badcafe000028b0       0x10 main.o
                0x0badcafe000028c0        0x4 LONG 0x0
                0x0badcafe000028e0                . = ALIGN (0x20)
                0x0badcafe000028e0                __toc_start = .
                0x0badcafe0000a8e0                __toc = (. + 0x8000)

.toc            0x0badcafe000028e0       0xf0
 *(.toc)
 .toc           0x0badcafe000028e0       0x10 crt0.o
 .toc           0x0badcafe000028f0       0xe0 main.o
 *(.toc.*)
                0x0badcafe000029d0                __toc_end = .
                0x0badcafe000029d0                __opd_start = .

.opd            0x0badcafe000029d0       0x98
 *(.opd)
 .opd           0x0badcafe000029d0       0x18 crt0.o
                0x0badcafe000029d0                crt0
 .opd           0x0badcafe000029e8       0x68 main.o
                0x0badcafe00002a38                _emu_cdvd_send_atapi_command
                0x0badcafe000029e8                emu_cdvd_send_atapi_command
                0x0badcafe00002a20                _optical_cdvd_send_atapi_command
                0x0badcafe000029f8                optical_cdvd_send_atapi_command
                0x0badcafe00002a08                main
 .opd           0x0badcafe00002a50       0x18 ../../ps2emu/src/libc_c.o
                0x0badcafe00002a50                memcmp
 *(.opd.*)
                0x0badcafe00002a68                __opd_end = .
                0x0badcafe00002a68                __reloc_end = .
                0x0badcafe00002a68                __self_end = .
OUTPUT(ps2hwemu_stage2.elf elf64-powerpc)

.comment        0x0000000000000000       0x36
 .comment       0x0000000000000000       0x12 crt0.o
 .comment       0x0000000000000012       0x12 main.o
 .comment       0x0000000000000024       0x12 ../../ps2emu/src/libc_c.o
